MO dynamic_seg NULL dynamic_seg.v vlg7F/dynamic__seg.bin 1572435536
MO select NULL select.v vlg60/select.bin 1572435536
MO div_fre NULL div_fre.v vlg4F/div__fre.bin 1572435536
MO m10_counter NULL m10_counter.v vlg4D/m10__counter.bin 1572435536
MO top NULL top.v vlg6F/top.bin 1572435536
MO latch NULL latch.v vlg34/latch.bin 1572435536
MO control NULL control.v vlg61/control.bin 1572435536
